Detecting compiler hash for triplet x64-windows...
Compiler found: C:/Program Files (x86)/Microsoft Visual Studio/18/BuildTools/VC/Tools/MSVC/14.50.35717/bin/Hostx64/x64/cl.exe
The following packages are already installed:
    ixwebsocket[core,ssl,mbedtls]:x64-windows@12.0.1
  * mbedtls:x64-windows@3.6.5
    minhook:x64-windows@1.3.4
    nlohmann-json:x64-windows@3.12.0#2
  * vcpkg-cmake:x64-windows@2025-08-07
  * vcpkg-cmake-config:x64-windows@2026-07-21
  * zlib:x64-windows@1.3.2#2
ixwebsocket provides CMake targets:

  # this is heuristically generated, and may not be correct
  find_package(ixwebsocket CONFIG REQUIRED)
  target_link_libraries(main PRIVATE ixwebsocket::ixwebsocket)

ixwebsocket provides pkg-config modules:

  # websocket and http client and server library, with TLS support and very few dependencies
  ixwebsocket

minhook provides CMake targets:

  # this is heuristically generated, and may not be correct
  find_package(minhook CONFIG REQUIRED)
  target_link_libraries(main PRIVATE minhook::minhook)

The package nlohmann-json provides CMake targets:

    find_package(nlohmann_json CONFIG REQUIRED)
    target_link_libraries(main PRIVATE nlohmann_json::nlohmann_json)

The package nlohmann-json can be configured to not provide implicit conversions via a custom triplet file:

    set(nlohmann-json_IMPLICIT_CONVERSIONS OFF)

For more information, see the docs here:
    
    https://json.nlohmann.me/api/macros/json_use_implicit_conversions/

All requested installations completed successfully in: 286 us
